// Jest Snapshot v1, https://goo.gl/fbAQLP

exports[`Checkbox snapshot 1`] = `
<div>
  <div
    class="relative flex items-start whitespace-pre-line"
  >
    <div
      class="flex items-center h-5"
    >
      <input
        aria-describedby=""
        checked=""
        class="focus:ring-indigo-500 h-4 w-4 text-indigo-600 border-gray-300 dark:border-gray-800 dark:bg-gray-700 dark:checked:bg-indigo-600 rounded cursor-pointer"
        id=""
        name=""
        type="checkbox"
      />
    </div>
    <div
      class="ml-3 text-sm"
    >
      <label
        class="font-medium text-gray-700 dark:text-gray-200 cursor-pointer"
        for=""
      >
        Checkbox
      </label>
    </div>
  </div>
</div>
`;
