// Jest Snapshot v1, https://goo.gl/fbAQLP

exports[`Dropdown snapshot 1`] = `
<div>
  <div
    class="relative inline-block text-left"
    data-headlessui-state=""
  >
    <div>
      <button
        aria-expanded="false"
        aria-haspopup="menu"
        class="inline-flex w-full rounded-md border border-gray-300 shadow-sm px-3 md:px-4 py-2 bg-white text-sm font-medium text-gray-700 dark:text-gray-50 dark:border-gray-800 dark:bg-gray-700 hover:bg-gray-50 dark:hover:bg-gray-600 focus:outline-none focus:ring-2 focus:ring-offset-2 focus:ring-offset-gray-100 focus:ring-indigo-500 justify-center"
        data-headlessui-state=""
        id="headlessui-menu-button-:r7:"
        type="button"
      >
        Dropdown Title
        <svg
          aria-hidden="true"
          class="-mr-1 ml-2 h-5 w-5"
          fill="currentColor"
          viewBox="0 0 24 24"
          xmlns="http://www.w3.org/2000/svg"
        >
          <path
            clip-rule="evenodd"
            d="M12.53 16.28a.75.75 0 01-1.06 0l-7.5-7.5a.75.75 0 011.06-1.06L12 14.69l6.97-6.97a.75.75 0 111.06 1.06l-7.5 7.5z"
            fill-rule="evenodd"
          />
        </svg>
      </button>
    </div>
  </div>
</div>
`;
