// Jest Snapshot v1, https://goo.gl/fbAQLP

exports[`Input component snapshot 1`] = `
<div>
  <div
    class=""
  >
    <div
      class=""
    >
      <label
        class="flex text-sm font-medium text-gray-700 dark:text-gray-200"
        for=""
      >
        Username
      </label>
    </div>
    <div
      class="mt-1 relative"
    >
      <input
        aria-describedby="-optional"
        class="shadow-sm focus:ring-indigo-500 focus:border-indigo-500 block w-full sm:text-sm border-gray-300 dark:text-gray-50 dark:placeholder-gray-400 dark:border-gray-800 dark:bg-gray-700 rounded-md"
        id=""
        name=""
        placeholder=""
        type=""
        value=""
      />
    </div>
    <p
      class="mt-2 text-sm text-gray-500 dark:text-gray-300 whitespace-pre-line"
      id="-optional"
    />
  </div>
</div>
`;
