// Jest Snapshot v1, https://goo.gl/fbAQLP

exports[`Progress should render 1`] = `
<div>
  <div
    class="relative"
  >
    <div
      class="overflow-hidden h-2 text-xs flex rounded bg-blue-200 dark:bg-gray-500"
    >
      <div
        class="shadow-none flex flex-col text-center whitespace-nowrap text-white justify-center bg-blue-500 dark:bg-blue-700"
        style="width: 50%;"
      />
    </div>
  </div>
</div>
`;
